========================================================================
STAGE S: THE n=4 CROSSING SCAN (L=4,6,8; float64)
========================================================================
  L=4: 62 pts in 2s; X(0.383)=1.0085, X(0.3)=0.6191, X(0.45)=1.4647
  L=6: 62 pts in 97s; X(0.383)=1.0843, X(0.3)=0.5281, X(0.45)=1.8996
  L=8: 15 pts in 1364s; X(0.383)=0.0329, X(0.33)=0.1461, X(0.42)=1.0976
  crossing (4, 6): 0.358313
  crossing (6, 8): 0.370456
    manuscript: (4,6) -> 0.3582  (dev 1.13e-04)
    manuscript: (6,8) -> 0.37899  (dev 8.53e-03)
  R(0.383): L=4 0.1314 [0.1315], L=6 0.1827 [0.1829], L=8 0.0276 [0.2142]
  R fit: 1/4 target; fit R = -3.5307 +12.044/lnL -9.659/ln^2L  [ms: 1/4 - 0.90/lnL + 0.46/ln^2L]
  multiplet L=8 p=0.36: triv=0.003093 > std=0.003017 > two=0.003032 > stdsgn=0.002884 > sgn=0.002907; eps=0.002760 (below all spin? True)
    L ln(l1/leps) = 0.91  [manuscript: 5.2]
  chi4 L=4: peak p=0.4500 height=-0.2247
  chi4 L=6: peak p=0.4450 height=0.8747
  chi4 L=8: peak p=0.3300 height=1.8139
  slope exponent at p*=0.383: 3.906  [q=4 target 3/2]; slopes {4: 5.738, 6: 9.37, 8: 98.054}
========================================================================
STAGE M5: THE L=10 LEG (m=5, bond space 24^5 = 7,962,624; float32)
========================================================================
